// Jest Snapshot v1, https://goo.gl/fbAQLP

exports[`should render Header correctly 1`] = `
<header
  className="header"
>
  <div
    className="content-container"
  >
    <div
      className="header__content"
    >
      <Link
        className="header__title"
        replace={false}
        to="/dashboard"
      >
        <h1>
          Expensify
        </h1>
      </Link>
      <div
        className="dropdown__container"
      >
        <Dropdown
          className=""
        >
          <DropdownTrigger
            className=""
          >
            <img
              className="header--avatar"
              src="undefined"
            />
            <span
              className="header--username"
            />
            <i
              className="down"
            />
          </DropdownTrigger>
          <DropdownContent
            className=""
          >
            <button
              className="button buton--menu"
              onClick={[Function]}
            >
              Logout
            </button>
          </DropdownContent>
        </Dropdown>
      </div>
    </div>
  </div>
</header>
`;
