// Jest Snapshot v1, https://goo.gl/fbAQLP

exports[`should render LoginPage correctly 1`] = `
<div
  className="box-layout"
>
  <div
    className="box-layout__box"
  >
    <h1
      className="box-layout__title"
    >
      Expensify App
    </h1>
    <p>
      Spend with control!
    </p>
    <div
      className="is-grouped"
    >
      <p>
        Login with
      </p>
      <button
        className="button"
      >
        Google
      </button>
      <button
        className="button"
      >
        Facebook
      </button>
    </div>
  </div>
</div>
`;
